Log file open, 03/01/25 14:47:40
LogICUInternationalization: ICU TimeZone Detection - Raw Offset: +1:00, Platform Override: ''
LogConfig: No local boot hotfix file found at: [/home/sage/.config/Epic/CrashReportClient/Saved/PersistentDownloadDir/HotfixForNextBoot.txt]
LogInit: ExecutableName: CrashReportClientEditor
LogInit: Build: ++UE5+Release-5.4-CL-35576357
LogInit: Platform=Linux
LogInit: MachineId=8d3b60c972e743f19c784435601e6ee2-000003e8
LogInit: DeviceId=
LogInit: Engine Version: 5.4.4-35576357+++UE5+Release-5.4
LogInit: Compatible Engine Version: 5.4.0-33043543+++UE5+Release-5.4
LogInit: Net CL: 33043543
LogInit: OS: Arch Linux (6.10.10-arch1-1), CPU: 12th Gen Intel(R) Core(TM) i9-12900K, GPU: NVIDIA GeForce RTX 3070 Ti (NVIDIA UNIX x86_64 Kernel Module  560.35.03  Fri Aug 16 21:39:15 UTC 2024)
LogInit: Compiled (64-bit): Aug 16 2024 04:41:10
LogInit: Architecture: x64
LogInit: Compiled with Clang: 16.0.6 (github.com/llvm/llvm-project 7cbf1a2591520c2491aa35339f227775f4d3adf6)
LogInit: Build Configuration: Shipping
LogInit: Branch Name: ++UE5+Release-5.4
LogInit: Command Line:  -Abslog="/home/sage/Documents/GitHub/Gas_LearningCurse/Aura_UE_Version_5_3/Aura/Saved/Logs/Aura-CRC.log" -Unattended "/home/sage/Documents/GitHub/Gas_LearningCurse/Aura_UE_Version_5_3/Aura/Saved/Crashes/ensureinfo-Aura-pid-4838-DE28CB7DD0984B8ABEF7A76D87FD014E/"
LogInit: Base Directory: /home/sage/Apps/GameMaking/Linux_Unreal_Engine_5.4.4/Engine/Binaries/Linux/
LogInit: Allocator: Mimalloc
LogInit: Installed Engine Build: 1
LogInit: This binary is optimized with LTO: no, PGO: no, instrumented for PGO data collection: no
LogInit: Presizing for max 2097152 objects, including 1 objects not considered by GC, pre-allocating 0 bytes for permanent pool.
LogInit: Object subsystem initialized
LogConfig: Applying CVar settings from Section [ConsoleVariables] File [Engine]
[2025.03.01-13.47.40:083][  0]LogConfig: Set CVar [[memory.MemoryPressureCriticalThresholdMB:512]]
[2025.03.01-13.47.40:083][  0]LogInit: Unix hardware info:
[2025.03.01-13.47.40:083][  0]LogInit:  - we are the first instance of this executable
[2025.03.01-13.47.40:083][  0]LogInit:  - this process' id (pid) is 5132, parent process' id (ppid) is 4838
[2025.03.01-13.47.40:083][  0]LogInit:  - we are not running under debugger
[2025.03.01-13.47.40:083][  0]LogInit:  - machine network name is 'archlinux'
[2025.03.01-13.47.40:083][  0]LogInit:  - user name is 'sage' (sage)
[2025.03.01-13.47.40:083][  0]LogInit:  - we're logged in locally
[2025.03.01-13.47.40:083][  0]LogInit:  - we're running with rendering
[2025.03.01-13.47.40:083][  0]LogInit:  - CPU: GenuineIntel '12th Gen Intel(R) Core(TM) i9-12900K' (signature: 0x90672)
[2025.03.01-13.47.40:083][  0]LogInit:  - Number of physical cores available for the process: 16
[2025.03.01-13.47.40:083][  0]LogInit:  - Number of logical cores available for the process: 24
[2025.03.01-13.47.40:083][  0]LogInit:  - GPU Brand Info: NVIDIA GeForce RTX 3070 Ti (NVIDIA UNIX x86_64 Kernel Module  560.35.03  Fri Aug 16 21:39:15 UTC 2024)
[2025.03.01-13.47.40:083][  0]LogInit:  - Memory allocator used: Mimalloc
[2025.03.01-13.47.40:083][  0]LogInit:  - This is an internal build.
[2025.03.01-13.47.40:083][  0]LogCore: Skipped benchmarking clocks because the engine is running in a standalone program mode - CLOCK_MONOTONIC will be used.
[2025.03.01-13.47.40:083][  0]LogInit: Unix-specific commandline switches:
[2025.03.01-13.47.40:083][  0]LogInit:  -ansimalloc - use malloc()/free() from libc (useful for tools like valgrind and electric fence)
[2025.03.01-13.47.40:083][  0]LogInit:  -jemalloc - use jemalloc for all memory allocation
[2025.03.01-13.47.40:083][  0]LogInit:  -binnedmalloc - use binned malloc  for all memory allocation
[2025.03.01-13.47.40:083][  0]LogInit:  -filemapcachesize=NUMBER - set the size for case-sensitive file mapping cache
[2025.03.01-13.47.40:083][  0]LogInit:  -useksm - uses kernel same-page mapping (KSM) for mapped memory (OFF)
[2025.03.01-13.47.40:083][  0]LogInit:  -ksmmergeall - marks all mmap'd memory pages suitable for KSM (OFF)
[2025.03.01-13.47.40:083][  0]LogInit:  -preloadmodulesymbols - Loads the main module symbols file into memory (OFF)
[2025.03.01-13.47.40:083][  0]LogInit:  -sigdfl=SIGNAL - Allows a specific signal to be set to its default handler rather then ignoring the signal
[2025.03.01-13.47.40:083][  0]LogInit:  -crashhandlerstacksize - Allows setting crash handler stack sizes (204800)
[2025.03.01-13.47.40:083][  0]LogInit:  -noexclusivelockonwrite - disables marking files created by the engine as exclusive locked while the engine has them opened
[2025.03.01-13.47.40:083][  0]LogInit:  -httpproxy=ADDRESS:PORT - redirects HTTP requests to a proxy (only supported if compiled with libcurl)
[2025.03.01-13.47.40:083][  0]LogInit:  -reuseconn - allow libcurl to reuse HTTP connections (only matters if compiled with libcurl)
[2025.03.01-13.47.40:083][  0]LogInit:  -virtmemkb=NUMBER - sets process virtual memory (address space) limit (overrides VirtualMemoryLimitInKB value from .ini)
[2025.03.01-13.47.40:083][  0]LogInit:  -allowsyscallfilterfile=PATH_TO_FILE - sets up a system call filter allow list. any invalid syscall in this list *will* cause a crash
[2025.03.01-13.47.40:083][  0]LogInit:  - Physical RAM available (not considering process quota): 32 GB (31830 MB, 32594548 KB, 33376817152 bytes)
[2025.03.01-13.47.40:083][  0]LogInit:  - VirtualMemoryAllocator pools will grow at scale 1
[2025.03.01-13.47.40:083][  0]LogInit:  - MemoryRangeDecommit() will be a no-op (re-run with -vmapoolevict to change)
[2025.03.01-13.47.40:083][  0]LogInit:  - PageSize 4096
[2025.03.01-13.47.40:083][  0]LogInit:  - BinnedPageSize 65536
[2025.03.01-13.47.40:085][  0]LogUObjectArray: 475 objects as part of root set at end of initial load.
[2025.03.01-13.47.40:085][  0]LogUObjectArray: 0 objects are not in the root set, but can never be destroyed because they are in the DisregardForGC set.
[2025.03.01-13.47.40:085][  0]LogUObjectAllocator: 80416 out of 0 bytes used by permanent object pool.
[2025.03.01-13.47.40:085][  0]LogUObjectArray: CloseDisregardForGC: 475/475 objects in disregard for GC pool
[2025.03.01-13.47.40:085][  0]LogInit: Using OS detected language (en-US).
[2025.03.01-13.47.40:085][  0]LogInit: Using OS detected locale (en-US).
[2025.03.01-13.47.40:085][  0]LogTextLocalizationManager: No specific localization for 'en-US' exists, so 'en' will be used for the language.
